ARM Linker, 5.03 [Build 76] [MDK-ARM Lite]

==============================================================================

Section Cross References

    port.o(.emb_text) refers to tasks.o(.text) for vTaskSwitchContext
    port.o(.emb_text) refers to tasks.o(.data) for pxCurrentTCB
    port.o(.text) refers to port.o(.emb_text) for vPortStartFirstTask
    port.o(.text) refers to tasks.o(.text) for vTaskIncrementTick
    port.o(.text) refers to port.o(.data) for uxCriticalNesting
    queue.o(.text) refers to heap_1.o(.text) for pvPortMalloc
    queue.o(.text) refers to list.o(.text) for vListInitialise
    queue.o(.text) refers to port.o(.text) for vPortEnterCritical
    queue.o(.text) refers to tasks.o(.text) for xTaskRemoveFromEventList
    queue.o(.text) refers to memcpya.o(.text) for __aeabi_memcpy
    queue.o(.text) refers to port.o(.emb_text) for vPortSetInterruptMask
    tasks.o(.text) refers to list.o(.text) for vListInitialise
    tasks.o(.text) refers to strncpy.o(.text) for strncpy
    tasks.o(.text) refers to heap_1.o(.text) for pvPortMalloc
    tasks.o(.text) refers to memseta.o(.text) for __aeabi_memset
    tasks.o(.text) refers to port.o(.text) for pxPortInitialiseStack
    tasks.o(.text) refers to port.o(.emb_text) for vPortSetInterruptMask
    tasks.o(.text) refers to tasks.o(.bss) for pxReadyTasksLists
    tasks.o(.text) refers to tasks.o(.data) for pxDelayedTaskList
    heap_1.o(.text) refers to tasks.o(.text) for vTaskSuspendAll
    heap_1.o(.text) refers to heap_1.o(.data) for xNextFreeByte
    heap_1.o(.text) refers to heap_1.o(.bss) for xHeap
    main.o(.text) refers to cdcmple.o(.text) for __aeabi_cdcmple
    main.o(.text) refers to qsort.o(.text) for qsort
    main.o(.text) refers to printfa.o(i.__0printf) for __2printf
    main.o(.text) refers to ddiv.o(.text) for __aeabi_ddiv
    main.o(.text) refers to dadd.o(.text) for __aeabi_dadd
    main.o(.text) refers to memcpya.o(.text) for __aeabi_memcpy4
    main.o(.text) refers to main.o(.data) for currTasks
    main.o(.text) refers to main.o(.bss) for arrayOfTasks
    main.o(.text) refers to main.o(.constdata) for .constdata
    main.o(.data) refers to main.o(.conststring) for .conststring
    basic_io.o(.text) refers to tasks.o(.text) for vTaskSuspendAll
    basic_io.o(.text) refers to printfa.o(i.__0printf) for __2printf
    startup_mps_cm3.o(RESET) refers to startup_mps_cm3.o(STACK) for __initial_sp
    startup_mps_cm3.o(RESET) refers to startup_mps_cm3.o(.text) for Reset_Handler
    startup_mps_cm3.o(RESET) refers to port.o(.emb_text) for vPortSVCHandler
    startup_mps_cm3.o(RESET) refers to port.o(.text) for xPortSysTickHandler
    startup_mps_cm3.o(.text) refers to entry.o(.ARM.Collect$$$$00000000) for __main
    entry.o(.ARM.Collect$$$$00000000) refers (Special) to entry10a.o(.ARM.Collect$$$$0000000D) for __rt_final_cpp
    entry.o(.ARM.Collect$$$$00000000) refers (Special) to entry11a.o(.ARM.Collect$$$$0000000F) for __rt_final_exit
    entry.o(.ARM.Collect$$$$00000000) refers (Special) to entry7b.o(.ARM.Collect$$$$00000008) for _main_clock
    entry.o(.ARM.Collect$$$$00000000) refers (Special) to entry8b.o(.ARM.Collect$$$$0000000A) for _main_cpp_init
    entry.o(.ARM.Collect$$$$00000000) refers (Special) to entry9a.o(.ARM.Collect$$$$0000000B) for _main_init
    entry.o(.ARM.Collect$$$$00000000) refers (Special) to entry5.o(.ARM.Collect$$$$00000004) for _main_scatterload
    entry.o(.ARM.Collect$$$$00000000) refers (Special) to entry2.o(.ARM.Collect$$$$00000001) for _main_stk
    printfb.o(i.__0fprintf$bare) refers to printfb.o(i._printf_core) for _printf_core
    printfb.o(i.__0fprintf$bare) refers to basic_io.o(.text) for fputc
    printfb.o(i.__0printf$bare) refers to printfb.o(i._printf_core) for _printf_core
    printfb.o(i.__0printf$bare) refers to basic_io.o(.text) for fputc
    printfb.o(i.__0printf$bare) refers to stdout.o(.data) for __stdout
    printfb.o(i.__0snprintf$bare) refers to printfb.o(i._printf_core) for _printf_core
    printfb.o(i.__0snprintf$bare) refers to printfb.o(i._snputc) for _snputc
    printfb.o(i.__0sprintf$bare) refers to printfb.o(i._printf_core) for _printf_core
    printfb.o(i.__0sprintf$bare) refers to printfb.o(i._sputc) for _sputc
    printfb.o(i.__0vfprintf$bare) refers to printfb.o(i._printf_core) for _printf_core
    printfb.o(i.__0vfprintf$bare) refers to basic_io.o(.text) for fputc
    printfb.o(i.__0vprintf$bare) refers to printfb.o(i._printf_core) for _printf_core
    printfb.o(i.__0vprintf$bare) refers to basic_io.o(.text) for fputc
    printfb.o(i.__0vprintf$bare) refers to stdout.o(.data) for __stdout
    printfb.o(i.__0vsnprintf$bare) refers to printfb.o(i._printf_core) for _printf_core
    printfb.o(i.__0vsnprintf$bare) refers to printfb.o(i._snputc) for _snputc
    printfb.o(i.__0vsprintf$bare) refers to printfb.o(i._printf_core) for _printf_core
    printfb.o(i.__0vsprintf$bare) refers to printfb.o(i._sputc) for _sputc
    printf0.o(i.__0fprintf$0) refers to printf0.o(i._printf_core) for _printf_core
    printf0.o(i.__0fprintf$0) refers to basic_io.o(.text) for fputc
    printf0.o(i.__0printf$0) refers to printf0.o(i._printf_core) for _printf_core
    printf0.o(i.__0printf$0) refers to basic_io.o(.text) for fputc
    printf0.o(i.__0printf$0) refers to stdout.o(.data) for __stdout
    printf0.o(i.__0snprintf$0) refers to printf0.o(i._printf_core) for _printf_core
    printf0.o(i.__0snprintf$0) refers to printf0.o(i._snputc) for _snputc
    printf0.o(i.__0sprintf$0) refers to printf0.o(i._printf_core) for _printf_core
    printf0.o(i.__0sprintf$0) refers to printf0.o(i._sputc) for _sputc
    printf0.o(i.__0vfprintf$0) refers to printf0.o(i._printf_core) for _printf_core
    printf0.o(i.__0vfprintf$0) refers to basic_io.o(.text) for fputc
    printf0.o(i.__0vprintf$0) refers to printf0.o(i._printf_core) for _printf_core
    printf0.o(i.__0vprintf$0) refers to basic_io.o(.text) for fputc
    printf0.o(i.__0vprintf$0) refers to stdout.o(.data) for __stdout
    printf0.o(i.__0vsnprintf$0) refers to printf0.o(i._printf_core) for _printf_core
    printf0.o(i.__0vsnprintf$0) refers to printf0.o(i._snputc) for _snputc
    printf0.o(i.__0vsprintf$0) refers to printf0.o(i._printf_core) for _printf_core
    printf0.o(i.__0vsprintf$0) refers to printf0.o(i._sputc) for _sputc
    printf1.o(i.__0fprintf$1) refers to printf1.o(i._printf_core) for _printf_core
    printf1.o(i.__0fprintf$1) refers to basic_io.o(.text) for fputc
    printf1.o(i.__0printf$1) refers to printf1.o(i._printf_core) for _printf_core
    printf1.o(i.__0printf$1) refers to basic_io.o(.text) for fputc
    printf1.o(i.__0printf$1) refers to stdout.o(.data) for __stdout
    printf1.o(i.__0snprintf$1) refers to printf1.o(i._printf_core) for _printf_core
    printf1.o(i.__0snprintf$1) refers to printf1.o(i._snputc) for _snputc
    printf1.o(i.__0sprintf$1) refers to printf1.o(i._printf_core) for _printf_core
    printf1.o(i.__0sprintf$1) refers to printf1.o(i._sputc) for _sputc
    printf1.o(i.__0vfprintf$1) refers to printf1.o(i._printf_core) for _printf_core
    printf1.o(i.__0vfprintf$1) refers to basic_io.o(.text) for fputc
    printf1.o(i.__0vprintf$1) refers to printf1.o(i._printf_core) for _printf_core
    printf1.o(i.__0vprintf$1) refers to basic_io.o(.text) for fputc
    printf1.o(i.__0vprintf$1) refers to stdout.o(.data) for __stdout
    printf1.o(i.__0vsnprintf$1) refers to printf1.o(i._printf_core) for _printf_core
    printf1.o(i.__0vsnprintf$1) refers to printf1.o(i._snputc) for _snputc
    printf1.o(i.__0vsprintf$1) refers to printf1.o(i._printf_core) for _printf_core
    printf1.o(i.__0vsprintf$1) refers to printf1.o(i._sputc) for _sputc
    printf1.o(i._printf_core) refers to uidiv.o(.text) for __aeabi_uidivmod
    printf2.o(i.__0fprintf$2) refers to printf2.o(i._printf_core) for _printf_core
    printf2.o(i.__0fprintf$2) refers to basic_io.o(.text) for fputc
    printf2.o(i.__0printf$2) refers to printf2.o(i._printf_core) for _printf_core
    printf2.o(i.__0printf$2) refers to basic_io.o(.text) for fputc
    printf2.o(i.__0printf$2) refers to stdout.o(.data) for __stdout
    printf2.o(i.__0snprintf$2) refers to printf2.o(i._printf_core) for _printf_core
    printf2.o(i.__0snprintf$2) refers to printf2.o(i._snputc) for _snputc
    printf2.o(i.__0sprintf$2) refers to printf2.o(i._printf_core) for _printf_core
    printf2.o(i.__0sprintf$2) refers to printf2.o(i._sputc) for _sputc
    printf2.o(i.__0vfprintf$2) refers to printf2.o(i._printf_core) for _printf_core
    printf2.o(i.__0vfprintf$2) refers to basic_io.o(.text) for fputc
    printf2.o(i.__0vprintf$2) refers to printf2.o(i._printf_core) for _printf_core
    printf2.o(i.__0vprintf$2) refers to basic_io.o(.text) for fputc
    printf2.o(i.__0vprintf$2) refers to stdout.o(.data) for __stdout
    printf2.o(i.__0vsnprintf$2) refers to printf2.o(i._printf_core) for _printf_core
    printf2.o(i.__0vsnprintf$2) refers to printf2.o(i._snputc) for _snputc
    printf2.o(i.__0vsprintf$2) refers to printf2.o(i._printf_core) for _printf_core
    printf2.o(i.__0vsprintf$2) refers to printf2.o(i._sputc) for _sputc
    printf3.o(i.__0fprintf$3) refers to printf3.o(i._printf_core) for _printf_core
    printf3.o(i.__0fprintf$3) refers to basic_io.o(.text) for fputc
    printf3.o(i.__0printf$3) refers to printf3.o(i._printf_core) for _printf_core
    printf3.o(i.__0printf$3) refers to basic_io.o(.text) for fputc
    printf3.o(i.__0printf$3) refers to stdout.o(.data) for __stdout
    printf3.o(i.__0snprintf$3) refers to printf3.o(i._printf_core) for _printf_core
    printf3.o(i.__0snprintf$3) refers to printf3.o(i._snputc) for _snputc
    printf3.o(i.__0sprintf$3) refers to printf3.o(i._printf_core) for _printf_core
    printf3.o(i.__0sprintf$3) refers to printf3.o(i._sputc) for _sputc
    printf3.o(i.__0vfprintf$3) refers to printf3.o(i._printf_core) for _printf_core
    printf3.o(i.__0vfprintf$3) refers to basic_io.o(.text) for fputc
    printf3.o(i.__0vprintf$3) refers to printf3.o(i._printf_core) for _printf_core
    printf3.o(i.__0vprintf$3) refers to basic_io.o(.text) for fputc
    printf3.o(i.__0vprintf$3) refers to stdout.o(.data) for __stdout
    printf3.o(i.__0vsnprintf$3) refers to printf3.o(i._printf_core) for _printf_core
    printf3.o(i.__0vsnprintf$3) refers to printf3.o(i._snputc) for _snputc
    printf3.o(i.__0vsprintf$3) refers to printf3.o(i._printf_core) for _printf_core
    printf3.o(i.__0vsprintf$3) refers to printf3.o(i._sputc) for _sputc
    printf3.o(i._printf_core) refers to uidiv.o(.text) for __aeabi_uidivmod
    printf4.o(i.__0fprintf$4) refers to printf4.o(i._printf_core) for _printf_core
    printf4.o(i.__0fprintf$4) refers to basic_io.o(.text) for fputc
    printf4.o(i.__0printf$4) refers to printf4.o(i._printf_core) for _printf_core
    printf4.o(i.__0printf$4) refers to basic_io.o(.text) for fputc
    printf4.o(i.__0printf$4) refers to stdout.o(.data) for __stdout
    printf4.o(i.__0snprintf$4) refers to printf4.o(i._printf_core) for _printf_core
    printf4.o(i.__0snprintf$4) refers to printf4.o(i._snputc) for _snputc
    printf4.o(i.__0sprintf$4) refers to printf4.o(i._printf_core) for _printf_core
    printf4.o(i.__0sprintf$4) refers to printf4.o(i._sputc) for _sputc
    printf4.o(i.__0vfprintf$4) refers to printf4.o(i._printf_core) for _printf_core
    printf4.o(i.__0vfprintf$4) refers to basic_io.o(.text) for fputc
    printf4.o(i.__0vprintf$4) refers to printf4.o(i._printf_core) for _printf_core
    printf4.o(i.__0vprintf$4) refers to basic_io.o(.text) for fputc
    printf4.o(i.__0vprintf$4) refers to stdout.o(.data) for __stdout
    printf4.o(i.__0vsnprintf$4) refers to printf4.o(i._printf_core) for _printf_core
    printf4.o(i.__0vsnprintf$4) refers to printf4.o(i._snputc) for _snputc
    printf4.o(i.__0vsprintf$4) refers to printf4.o(i._printf_core) for _printf_core
    printf4.o(i.__0vsprintf$4) refers to printf4.o(i._sputc) for _sputc
    printf4.o(i._printf_core) refers to uldiv.o(.text) for __aeabi_uldivmod
    printf5.o(i.__0fprintf$5) refers to printf5.o(i._printf_core) for _printf_core
    printf5.o(i.__0fprintf$5) refers to basic_io.o(.text) for fputc
    printf5.o(i.__0printf$5) refers to printf5.o(i._printf_core) for _printf_core
    printf5.o(i.__0printf$5) refers to basic_io.o(.text) for fputc
    printf5.o(i.__0printf$5) refers to stdout.o(.data) for __stdout
    printf5.o(i.__0snprintf$5) refers to printf5.o(i._printf_core) for _printf_core
    printf5.o(i.__0snprintf$5) refers to printf5.o(i._snputc) for _snputc
    printf5.o(i.__0sprintf$5) refers to printf5.o(i._printf_core) for _printf_core
    printf5.o(i.__0sprintf$5) refers to printf5.o(i._sputc) for _sputc
    printf5.o(i.__0vfprintf$5) refers to printf5.o(i._printf_core) for _printf_core
    printf5.o(i.__0vfprintf$5) refers to basic_io.o(.text) for fputc
    printf5.o(i.__0vprintf$5) refers to printf5.o(i._printf_core) for _printf_core
    printf5.o(i.__0vprintf$5) refers to basic_io.o(.text) for fputc
    printf5.o(i.__0vprintf$5) refers to stdout.o(.data) for __stdout
    printf5.o(i.__0vsnprintf$5) refers to printf5.o(i._printf_core) for _printf_core
    printf5.o(i.__0vsnprintf$5) refers to printf5.o(i._snputc) for _snputc
    printf5.o(i.__0vsprintf$5) refers to printf5.o(i._printf_core) for _printf_core
    printf5.o(i.__0vsprintf$5) refers to printf5.o(i._sputc) for _sputc
    printf5.o(i._printf_core) refers to uldiv.o(.text) for __aeabi_uldivmod
    printf6.o(i.__0fprintf$6) refers to printf6.o(i._printf_core) for _printf_core
    printf6.o(i.__0fprintf$6) refers to basic_io.o(.text) for fputc
    printf6.o(i.__0printf$6) refers to printf6.o(i._printf_core) for _printf_core
    printf6.o(i.__0printf$6) refers to basic_io.o(.text) for fputc
    printf6.o(i.__0printf$6) refers to stdout.o(.data) for __stdout
    printf6.o(i.__0snprintf$6) refers to printf6.o(i._printf_core) for _printf_core
    printf6.o(i.__0snprintf$6) refers to printf6.o(i._snputc) for _snputc
    printf6.o(i.__0sprintf$6) refers to printf6.o(i._printf_core) for _printf_core
    printf6.o(i.__0sprintf$6) refers to printf6.o(i._sputc) for _sputc
    printf6.o(i.__0vfprintf$6) refers to printf6.o(i._printf_core) for _printf_core
    printf6.o(i.__0vfprintf$6) refers to basic_io.o(.text) for fputc
    printf6.o(i.__0vprintf$6) refers to printf6.o(i._printf_core) for _printf_core
    printf6.o(i.__0vprintf$6) refers to basic_io.o(.text) for fputc
    printf6.o(i.__0vprintf$6) refers to stdout.o(.data) for __stdout
    printf6.o(i.__0vsnprintf$6) refers to printf6.o(i._printf_core) for _printf_core
    printf6.o(i.__0vsnprintf$6) refers to printf6.o(i._snputc) for _snputc
    printf6.o(i.__0vsprintf$6) refers to printf6.o(i._printf_core) for _printf_core
    printf6.o(i.__0vsprintf$6) refers to printf6.o(i._sputc) for _sputc
    printf6.o(i._printf_core) refers to printf6.o(i._printf_pre_padding) for _printf_pre_padding
    printf6.o(i._printf_core) refers to uidiv.o(.text) for __aeabi_uidivmod
    printf6.o(i._printf_core) refers to printf6.o(i._printf_post_padding) for _printf_post_padding
    printf7.o(i.__0fprintf$7) refers to printf7.o(i._printf_core) for _printf_core
    printf7.o(i.__0fprintf$7) refers to basic_io.o(.text) for fputc
    printf7.o(i.__0printf$7) refers to printf7.o(i._printf_core) for _printf_core
    printf7.o(i.__0printf$7) refers to basic_io.o(.text) for fputc
    printf7.o(i.__0printf$7) refers to stdout.o(.data) for __stdout
    printf7.o(i.__0snprintf$7) refers to printf7.o(i._printf_core) for _printf_core
    printf7.o(i.__0snprintf$7) refers to printf7.o(i._snputc) for _snputc
    printf7.o(i.__0sprintf$7) refers to printf7.o(i._printf_core) for _printf_core
    printf7.o(i.__0sprintf$7) refers to printf7.o(i._sputc) for _sputc
    printf7.o(i.__0vfprintf$7) refers to printf7.o(i._printf_core) for _printf_core
    printf7.o(i.__0vfprintf$7) refers to basic_io.o(.text) for fputc
    printf7.o(i.__0vprintf$7) refers to printf7.o(i._printf_core) for _printf_core
    printf7.o(i.__0vprintf$7) refers to basic_io.o(.text) for fputc
    printf7.o(i.__0vprintf$7) refers to stdout.o(.data) for __stdout
    printf7.o(i.__0vsnprintf$7) refers to printf7.o(i._printf_core) for _printf_core
    printf7.o(i.__0vsnprintf$7) refers to printf7.o(i._snputc) for _snputc
    printf7.o(i.__0vsprintf$7) refers to printf7.o(i._printf_core) for _printf_core
    printf7.o(i.__0vsprintf$7) refers to printf7.o(i._sputc) for _sputc
    printf7.o(i._printf_core) refers to printf7.o(i._printf_pre_padding) for _printf_pre_padding
    printf7.o(i._printf_core) refers to uldiv.o(.text) for __aeabi_uldivmod
    printf7.o(i._printf_core) refers to printf7.o(i._printf_post_padding) for _printf_post_padding
    printf8.o(i.__0fprintf$8) refers to printf8.o(i._printf_core) for _printf_core
    printf8.o(i.__0fprintf$8) refers to basic_io.o(.text) for fputc
    printf8.o(i.__0printf$8) refers to printf8.o(i._printf_core) for _printf_core
    printf8.o(i.__0printf$8) refers to basic_io.o(.text) for fputc
    printf8.o(i.__0printf$8) refers to stdout.o(.data) for __stdout
    printf8.o(i.__0snprintf$8) refers to printf8.o(i._printf_core) for _printf_core
    printf8.o(i.__0snprintf$8) refers to printf8.o(i._snputc) for _snputc
    printf8.o(i.__0sprintf$8) refers to printf8.o(i._printf_core) for _printf_core
    printf8.o(i.__0sprintf$8) refers to printf8.o(i._sputc) for _sputc
    printf8.o(i.__0vfprintf$8) refers to printf8.o(i._printf_core) for _printf_core
    printf8.o(i.__0vfprintf$8) refers to basic_io.o(.text) for fputc
    printf8.o(i.__0vprintf$8) refers to printf8.o(i._printf_core) for _printf_core
    printf8.o(i.__0vprintf$8) refers to basic_io.o(.text) for fputc
    printf8.o(i.__0vprintf$8) refers to stdout.o(.data) for __stdout
    printf8.o(i.__0vsnprintf$8) refers to printf8.o(i._printf_core) for _printf_core
    printf8.o(i.__0vsnprintf$8) refers to printf8.o(i._snputc) for _snputc
    printf8.o(i.__0vsprintf$8) refers to printf8.o(i._printf_core) for _printf_core
    printf8.o(i.__0vsprintf$8) refers to printf8.o(i._sputc) for _sputc
    printf8.o(i._printf_core) refers to printf8.o(i._printf_pre_padding) for _printf_pre_padding
    printf8.o(i._printf_core) refers to uldiv.o(.text) for __aeabi_uldivmod
    printf8.o(i._printf_core) refers to printf8.o(i._printf_post_padding) for _printf_post_padding
    printfa.o(i.__0fprintf) refers (Special) to iusefp.o(.text) for __I$use$fp
    printfa.o(i.__0fprintf) refers to printfa.o(i._printf_core) for _printf_core
    printfa.o(i.__0fprintf) refers to basic_io.o(.text) for fputc
    printfa.o(i.__0printf) refers (Special) to iusefp.o(.text) for __I$use$fp
    printfa.o(i.__0printf) refers to printfa.o(i._printf_core) for _printf_core
    printfa.o(i.__0printf) refers to basic_io.o(.text) for fputc
    printfa.o(i.__0printf) refers to stdout.o(.data) for __stdout
    printfa.o(i.__0snprintf) refers (Special) to iusefp.o(.text) for __I$use$fp
    printfa.o(i.__0snprintf) refers to printfa.o(i._printf_core) for _printf_core
    printfa.o(i.__0snprintf) refers to printfa.o(i._snputc) for _snputc
    printfa.o(i.__0sprintf) refers (Special) to iusefp.o(.text) for __I$use$fp
    printfa.o(i.__0sprintf) refers to printfa.o(i._printf_core) for _printf_core
    printfa.o(i.__0sprintf) refers to printfa.o(i._sputc) for _sputc
    printfa.o(i.__0vfprintf) refers (Special) to iusefp.o(.text) for __I$use$fp
    printfa.o(i.__0vfprintf) refers to printfa.o(i._printf_core) for _printf_core
    printfa.o(i.__0vfprintf) refers to basic_io.o(.text) for fputc
    printfa.o(i.__0vprintf) refers (Special) to iusefp.o(.text) for __I$use$fp
    printfa.o(i.__0vprintf) refers to printfa.o(i._printf_core) for _printf_core
    printfa.o(i.__0vprintf) refers to basic_io.o(.text) for fputc
    printfa.o(i.__0vprintf) refers to stdout.o(.data) for __stdout
    printfa.o(i.__0vsnprintf) refers (Special) to iusefp.o(.text) for __I$use$fp
    printfa.o(i.__0vsnprintf) refers to printfa.o(i._printf_core) for _printf_core
    printfa.o(i.__0vsnprintf) refers to printfa.o(i._snputc) for _snputc
    printfa.o(i.__0vsprintf) refers (Special) to iusefp.o(.text) for __I$use$fp
    printfa.o(i.__0vsprintf) refers to printfa.o(i._printf_core) for _printf_core
    printfa.o(i.__0vsprintf) refers to printfa.o(i._sputc) for _sputc
    printfa.o(i._fp_digits) refers (Special) to iusefp.o(.text) for __I$use$fp
    printfa.o(i._fp_digits) refers to dmul.o(.text) for __aeabi_dmul
    printfa.o(i._fp_digits) refers to ddiv.o(.text) for __aeabi_ddiv
    printfa.o(i._fp_digits) refers to cdrcmple.o(.text) for __aeabi_cdrcmple
    printfa.o(i._fp_digits) refers to dadd.o(.text) for __aeabi_dadd
    printfa.o(i._fp_digits) refers to dfixul.o(.text) for __aeabi_d2ulz
    printfa.o(i._fp_digits) refers to uldiv.o(.text) for __aeabi_uldivmod
    printfa.o(i._printf_core) refers (Special) to iusefp.o(.text) for __I$use$fp
    printfa.o(i._printf_core) refers to printfa.o(i._printf_pre_padding) for _printf_pre_padding
    printfa.o(i._printf_core) refers to uldiv.o(.text) for __aeabi_uldivmod
    printfa.o(i._printf_core) refers to printfa.o(i._printf_post_padding) for _printf_post_padding
    printfa.o(i._printf_core) refers to printfa.o(i._fp_digits) for _fp_digits
    printfa.o(i._printf_core) refers to uidiv.o(.text) for __aeabi_uidivmod
    printfa.o(i._printf_post_padding) refers (Special) to iusefp.o(.text) for __I$use$fp
    printfa.o(i._printf_pre_padding) refers (Special) to iusefp.o(.text) for __I$use$fp
    printfa.o(i._snputc) refers (Special) to iusefp.o(.text) for __I$use$fp
    printfa.o(i._sputc) refers (Special) to iusefp.o(.text) for __I$use$fp
    dadd.o(.text) refers (Special) to iusefp.o(.text) for __I$use$fp
    dadd.o(.text) refers to llshl.o(.text) for __aeabi_llsl
    dadd.o(.text) refers to llsshr.o(.text) for __aeabi_lasr
    dadd.o(.text) refers to depilogue.o(.text) for _double_epilogue
    ddiv.o(.text) refers (Special) to iusefp.o(.text) for __I$use$fp
    ddiv.o(.text) refers to depilogue.o(.text) for _double_round
    cdcmple.o(.text) refers (Special) to iusefp.o(.text) for __I$use$fp
    entry2.o(.ARM.Collect$$$$00000001) refers to entry2.o(.ARM.Collect$$$$00002712) for __lit__00000000
    entry2.o(.ARM.Collect$$$$00002712) refers to startup_mps_cm3.o(STACK) for __initial_sp
    entry2.o(__vectab_stack_and_reset_area) refers to startup_mps_cm3.o(STACK) for __initial_sp
    entry2.o(__vectab_stack_and_reset_area) refers to entry.o(.ARM.Collect$$$$00000000) for __main
    entry5.o(.ARM.Collect$$$$00000004) refers to init.o(.text) for __scatterload
    entry9a.o(.ARM.Collect$$$$0000000B) refers to main.o(.text) for main
    entry9b.o(.ARM.Collect$$$$0000000C) refers to main.o(.text) for main
    uldiv.o(.text) refers to llushr.o(.text) for __aeabi_llsr
    uldiv.o(.text) refers to llshl.o(.text) for __aeabi_llsl
    depilogue.o(.text) refers to llshl.o(.text) for __aeabi_llsl
    depilogue.o(.text) refers to llushr.o(.text) for __aeabi_llsr
    dmul.o(.text) refers to depilogue.o(.text) for _double_epilogue
    dfixul.o(.text) refers to llushr.o(.text) for __aeabi_llsr
    dfixul.o(.text) refers to llshl.o(.text) for __aeabi_llsl
    init.o(.text) refers to entry5.o(.ARM.Collect$$$$00000004) for __main_after_scatterload


==============================================================================

Removing Unused input sections from the image.

    Removing queue.o(.text), (1098 bytes).
    Removing startup_mps_cm3.o(HEAP), (0 bytes).

2 unused section(s) (total 1098 bytes) removed from the image.

==============================================================================

Image Symbol Table

    Local Symbols

    Symbol Name                              Value     Ov Type        Size  Object(Section)

    RESET                                    0x00000000   Section      192  startup_mps_cm3.o(RESET)
    ../clib/microlib/division.c              0x00000000   Number         0  uidiv.o ABSOLUTE
    ../clib/microlib/division.c              0x00000000   Number         0  uldiv.o ABSOLUTE
    ../clib/microlib/init/entry.s            0x00000000   Number         0  entry11b.o ABSOLUTE
    ../clib/microlib/init/entry.s            0x00000000   Number         0  entry11a.o ABSOLUTE
    ../clib/microlib/init/entry.s            0x00000000   Number         0  entry10b.o ABSOLUTE
    ../clib/microlib/init/entry.s            0x00000000   Number         0  entry10a.o ABSOLUTE
    ../clib/microlib/init/entry.s            0x00000000   Number         0  entry9b.o ABSOLUTE
    ../clib/microlib/init/entry.s            0x00000000   Number         0  entry9a.o ABSOLUTE
    ../clib/microlib/init/entry.s            0x00000000   Number         0  entry8b.o ABSOLUTE
    ../clib/microlib/init/entry.s            0x00000000   Number         0  entry8a.o ABSOLUTE
    ../clib/microlib/init/entry.s            0x00000000   Number         0  entry7b.o ABSOLUTE
    ../clib/microlib/init/entry.s            0x00000000   Number         0  entry7a.o ABSOLUTE
    ../clib/microlib/init/entry.s            0x00000000   Number         0  entry5.o ABSOLUTE
    ../clib/microlib/init/entry.s            0x00000000   Number         0  entry2.o ABSOLUTE
    ../clib/microlib/init/entry.s            0x00000000   Number         0  entry.o ABSOLUTE
    ../clib/microlib/longlong.c              0x00000000   Number         0  llushr.o ABSOLUTE
    ../clib/microlib/longlong.c              0x00000000   Number         0  llsshr.o ABSOLUTE
    ../clib/microlib/longlong.c              0x00000000   Number         0  llshl.o ABSOLUTE
    ../clib/microlib/printf/printf.c         0x00000000   Number         0  printf3.o ABSOLUTE
    ../clib/microlib/printf/printf.c         0x00000000   Number         0  printfa.o ABSOLUTE
    ../clib/microlib/printf/printf.c         0x00000000   Number         0  printf7.o ABSOLUTE
    ../clib/microlib/printf/printf.c         0x00000000   Number         0  printf6.o ABSOLUTE
    ../clib/microlib/printf/printf.c         0x00000000   Number         0  printf5.o ABSOLUTE
    ../clib/microlib/printf/printf.c         0x00000000   Number         0  printf4.o ABSOLUTE
    ../clib/microlib/printf/printf.c         0x00000000   Number         0  printfb.o ABSOLUTE
    ../clib/microlib/printf/printf.c         0x00000000   Number         0  printf0.o ABSOLUTE
    ../clib/microlib/printf/printf.c         0x00000000   Number         0  printf1.o ABSOLUTE
    ../clib/microlib/printf/printf.c         0x00000000   Number         0  printf2.o ABSOLUTE
    ../clib/microlib/printf/printf.c         0x00000000   Number         0  printf8.o ABSOLUTE
    ../clib/microlib/printf/stubs.s          0x00000000   Number         0  stubs.o ABSOLUTE
    ../clib/microlib/stdio/streams.c         0x00000000   Number         0  stdout.o ABSOLUTE
    ../clib/microlib/stdlib/qsort.c          0x00000000   Number         0  qsort.o ABSOLUTE
    ../clib/microlib/string/memcpy.c         0x00000000   Number         0  memcpya.o ABSOLUTE
    ../clib/microlib/string/memcpy.c         0x00000000   Number         0  memcpyb.o ABSOLUTE
    ../clib/microlib/string/memset.c         0x00000000   Number         0  memseta.o ABSOLUTE
    ../clib/microlib/string/strncpy.c        0x00000000   Number         0  strncpy.o ABSOLUTE
    ../clib/microlib/stubs.s                 0x00000000   Number         0  iusefp.o ABSOLUTE
    ../fplib/microlib/fpadd.c                0x00000000   Number         0  dadd.o ABSOLUTE
    ../fplib/microlib/fpdiv.c                0x00000000   Number         0  ddiv.o ABSOLUTE
    ../fplib/microlib/fpepilogue.c           0x00000000   Number         0  depilogue.o ABSOLUTE
    ../fplib/microlib/fpfix.c                0x00000000   Number         0  dfixul.o ABSOLUTE
    ../fplib/microlib/fpmul.c                0x00000000   Number         0  dmul.o ABSOLUTE
    cdcmple.s                                0x00000000   Number         0  cdcmple.o ABSOLUTE
    cdrcmple.s                               0x00000000   Number         0  cdrcmple.o ABSOLUTE
    dc.s                                     0x00000000   Number         0  dc.o ABSOLUTE
    demo_code\basic_io.c                     0x00000000   Number         0  basic_io.o ABSOLUTE
    handlers.s                               0x00000000   Number         0  handlers.o ABSOLUTE
    init.s                                   0x00000000   Number         0  init.o ABSOLUTE
    list.c                                   0x00000000   Number         0  list.o ABSOLUTE
    main.c                                   0x00000000   Number         0  main.o ABSOLUTE
    portable\MemMang\heap_1.c                0x00000000   Number         0  heap_1.o ABSOLUTE
    portable\RVDS\ARM_CM3\port.c             0x00000000   Number         0  port.o ABSOLUTE
    portable\\RVDS\\ARM_CM3\\port.c          0x00000000   Number         0  port.o ABSOLUTE
    queue.c                                  0x00000000   Number         0  queue.o ABSOLUTE
    startup_MPS_CM3.s                        0x00000000   Number         0  startup_mps_cm3.o ABSOLUTE
    tasks.c                                  0x00000000   Number         0  tasks.o ABSOLUTE
    .ARM.Collect$$$$00000000                 0x000000c0   Section        0  entry.o(.ARM.Collect$$$$00000000)
    .ARM.Collect$$$$00000001                 0x000000c0   Section        4  entry2.o(.ARM.Collect$$$$00000001)
    .ARM.Collect$$$$00000004                 0x000000c4   Section        4  entry5.o(.ARM.Collect$$$$00000004)
    .ARM.Collect$$$$00000008                 0x000000c8   Section        0  entry7b.o(.ARM.Collect$$$$00000008)
    .ARM.Collect$$$$0000000A                 0x000000c8   Section        0  entry8b.o(.ARM.Collect$$$$0000000A)
    .ARM.Collect$$$$0000000B                 0x000000c8   Section        8  entry9a.o(.ARM.Collect$$$$0000000B)
    .ARM.Collect$$$$0000000D                 0x000000d0   Section        0  entry10a.o(.ARM.Collect$$$$0000000D)
    .ARM.Collect$$$$0000000F                 0x000000d0   Section        0  entry11a.o(.ARM.Collect$$$$0000000F)
    .ARM.Collect$$$$00002712                 0x000000d0   Section        4  entry2.o(.ARM.Collect$$$$00002712)
    __lit__00000000                          0x000000d0   Data           4  entry2.o(.ARM.Collect$$$$00002712)
    .emb_text                                0x000000d4   Section      136  port.o(.emb_text)
    .text                                    0x0000015c   Section        0  port.o(.text)
    prvSetupTimerInterrupt                   0x00000177   Thumb Code    16  port.o(.text)
    .text                                    0x0000020c   Section        0  list.o(.text)
    .text                                    0x000002a0   Section        0  tasks.o(.text)
    prvInitialiseTaskLists                   0x000002a1   Thumb Code    64  tasks.o(.text)
    prvInitialiseTCBVariables                0x000002e1   Thumb Code    68  tasks.o(.text)
    prvAllocateTCBAndStack                   0x00000325   Thumb Code    58  tasks.o(.text)
    prvCheckTasksWaitingTermination          0x00000607   Thumb Code     2  tasks.o(.text)
    prvIdleTask                              0x00000609   Thumb Code     8  tasks.o(.text)
    .text                                    0x000009a0   Section        0  heap_1.o(.text)
    .text                                    0x00000a0c   Section        0  main.o(.text)
    myCompare                                0x00000a0d   Thumb Code    40  main.o(.text)
    .text                                    0x00000cb8   Section        0  basic_io.o(.text)
    .text                                    0x00000d10   Section       28  startup_mps_cm3.o(.text)
    .text                                    0x00000d2c   Section        0  qsort.o(.text)
    .text                                    0x00000dc8   Section        0  memcpya.o(.text)
    .text                                    0x00000dec   Section        0  memseta.o(.text)
    .text                                    0x00000e10   Section        0  strncpy.o(.text)
    .text                                    0x00000e28   Section        0  dadd.o(.text)
    .text                                    0x00000f76   Section        0  ddiv.o(.text)
    .text                                    0x00001054   Section       40  cdcmple.o(.text)
    .text                                    0x0000107c   Section        0  uidiv.o(.text)
    .text                                    0x000010a8   Section        0  uldiv.o(.text)
    .text                                    0x0000110a   Section        0  llshl.o(.text)
    .text                                    0x00001128   Section        0  llsshr.o(.text)
    .text                                    0x0000114c   Section        0  depilogue.o(.text)
    .text                                    0x0000114c   Section        0  iusefp.o(.text)
    .text                                    0x0000120a   Section        0  dmul.o(.text)
    .text                                    0x000012ee   Section        0  dfixul.o(.text)
    .text                                    0x00001320   Section       40  cdrcmple.o(.text)
    .text                                    0x00001348   Section       36  init.o(.text)
    .text                                    0x0000136c   Section        0  llushr.o(.text)
    i.__0printf                              0x0000138c   Section        0  printfa.o(i.__0printf)
    i.__scatterload_copy                     0x000013ac   Section       14  handlers.o(i.__scatterload_copy)
    i.__scatterload_null                     0x000013ba   Section        2  handlers.o(i.__scatterload_null)
    i.__scatterload_zeroinit                 0x000013bc   Section       14  handlers.o(i.__scatterload_zeroinit)
    i._fp_digits                             0x000013cc   Section        0  printfa.o(i._fp_digits)
    _fp_digits                               0x000013cd   Thumb Code   326  printfa.o(i._fp_digits)
    i._printf_core                           0x00001528   Section        0  printfa.o(i._printf_core)
    _printf_core                             0x00001529   Thumb Code  1762  printfa.o(i._printf_core)
    i._printf_post_padding                   0x00001c18   Section        0  printfa.o(i._printf_post_padding)
    _printf_post_padding                     0x00001c19   Thumb Code    38  printfa.o(i._printf_post_padding)
    i._printf_pre_padding                    0x00001c3e   Section        0  printfa.o(i._printf_pre_padding)
    _printf_pre_padding                      0x00001c3f   Thumb Code    48  printfa.o(i._printf_pre_padding)
    .constdata                               0x00001c70   Section       32  main.o(.constdata)
    .conststring                             0x00001c90   Section       38  main.o(.conststring)
    .data                                    0x20000000   Section        4  port.o(.data)
    uxCriticalNesting                        0x20000000   Data           4  port.o(.data)
    .data                                    0x20000004   Section       52  tasks.o(.data)
    uxCurrentNumberOfTasks                   0x20000008   Data           4  tasks.o(.data)
    xTickCount                               0x2000000c   Data           4  tasks.o(.data)
    uxTopUsedPriority                        0x20000010   Data           4  tasks.o(.data)
    uxTopReadyPriority                       0x20000014   Data           4  tasks.o(.data)
    xSchedulerRunning                        0x20000018   Data           4  tasks.o(.data)
    uxSchedulerSuspended                     0x2000001c   Data           4  tasks.o(.data)
    uxMissedTicks                            0x20000020   Data           4  tasks.o(.data)
    xMissedYield                             0x20000024   Data           4  tasks.o(.data)
    xNumOfOverflows                          0x20000028   Data           4  tasks.o(.data)
    uxTaskNumber                             0x2000002c   Data           4  tasks.o(.data)
    pxDelayedTaskList                        0x20000030   Data           4  tasks.o(.data)
    pxOverflowDelayedTaskList                0x20000034   Data           4  tasks.o(.data)
    .data                                    0x20000038   Section        4  heap_1.o(.data)
    xNextFreeByte                            0x20000038   Data           4  heap_1.o(.data)
    .data                                    0x2000003c   Section       16  main.o(.data)
    .data                                    0x2000004c   Section        4  stdout.o(.data)
    .bss                                     0x20000050   Section      180  tasks.o(.bss)
    pxReadyTasksLists                        0x20000050   Data         100  tasks.o(.bss)
    xDelayedTaskList1                        0x200000b4   Data          20  tasks.o(.bss)
    xDelayedTaskList2                        0x200000c8   Data          20  tasks.o(.bss)
    xPendingReadyList                        0x200000dc   Data          20  tasks.o(.bss)
    xSuspendedTaskList                       0x200000f0   Data          20  tasks.o(.bss)
    .bss                                     0x20000108   Section     4096  heap_1.o(.bss)
    xHeap                                    0x20000108   Data        4096  heap_1.o(.bss)
    .bss                                     0x20001108   Section    32000  main.o(.bss)
    STACK                                    0x20008e08   Section      512  startup_mps_cm3.o(STACK)

    Global Symbols

    Symbol Name                              Value     Ov Type        Size  Object(Section)

    BuildAttributes$$THM_ISAv4$P$D$K$B$S$PE$A:L22UL41UL21$X:L11$S22US41US21$IEEE1$IW$USESV6$~STKCKD$USESV7$~SHL$OSPACE$ROPI$EBA8$MICROLIB$REQ8$PRES8$EABIv2 0x00000000   Number         0  anon$$obj.o ABSOLUTE
    __ARM_use_no_argv                        0x00000000   Number         0  main.o ABSOLUTE
    __Vectors                                0x00000000   Data           4  startup_mps_cm3.o(RESET)
    _printf_a                                0x00000000   Number         0  stubs.o ABSOLUTE
    _printf_c                                0x00000000   Number         0  stubs.o ABSOLUTE
    _printf_charcount                        0x00000000   Number         0  stubs.o ABSOLUTE
    _printf_d                                0x00000000   Number         0  stubs.o ABSOLUTE
    _printf_e                                0x00000000   Number         0  stubs.o ABSOLUTE
    _printf_f                                0x00000000   Number         0  stubs.o ABSOLUTE
    _printf_flags                            0x00000000   Number         0  stubs.o ABSOLUTE
    _printf_fp_dec                           0x00000000   Number         0  stubs.o ABSOLUTE
    _printf_fp_hex                           0x00000000   Number         0  stubs.o ABSOLUTE
    _printf_g                                0x00000000   Number         0  stubs.o ABSOLUTE
    _printf_i                                0x00000000   Number         0  stubs.o ABSOLUTE
    _printf_int_dec                          0x00000000   Number         0  stubs.o ABSOLUTE
    _printf_l                                0x00000000   Number         0  stubs.o ABSOLUTE
    _printf_lc                               0x00000000   Number         0  stubs.o ABSOLUTE
    _printf_ll                               0x00000000   Number         0  stubs.o ABSOLUTE
    _printf_lld                              0x00000000   Number         0  stubs.o ABSOLUTE
    _printf_lli                              0x00000000   Number         0  stubs.o ABSOLUTE
    _printf_llo                              0x00000000   Number         0  stubs.o ABSOLUTE
    _printf_llu                              0x00000000   Number         0  stubs.o ABSOLUTE
    _printf_llx                              0x00000000   Number         0  stubs.o ABSOLUTE
    _printf_longlong_dec                     0x00000000   Number         0  stubs.o ABSOLUTE
    _printf_longlong_hex                     0x00000000   Number         0  stubs.o ABSOLUTE
    _printf_longlong_oct                     0x00000000   Number         0  stubs.o ABSOLUTE
    _printf_ls                               0x00000000   Number         0  stubs.o ABSOLUTE
    _printf_mbtowc                           0x00000000   Number         0  stubs.o ABSOLUTE
    _printf_n                                0x00000000   Number         0  stubs.o ABSOLUTE
    _printf_o                                0x00000000   Number         0  stubs.o ABSOLUTE
    _printf_p                                0x00000000   Number         0  stubs.o ABSOLUTE
    _printf_percent                          0x00000000   Number         0  stubs.o ABSOLUTE
    _printf_pre_padding                      0x00000000   Number         0  stubs.o ABSOLUTE
    _printf_return_value                     0x00000000   Number         0  stubs.o ABSOLUTE
    _printf_s                                0x00000000   Number         0  stubs.o ABSOLUTE
    _printf_sizespec                         0x00000000   Number         0  stubs.o ABSOLUTE
    _printf_str                              0x00000000   Number         0  stubs.o ABSOLUTE
    _printf_truncate_signed                  0x00000000   Number         0  stubs.o ABSOLUTE
    _printf_truncate_unsigned                0x00000000   Number         0  stubs.o ABSOLUTE
    _printf_u                                0x00000000   Number         0  stubs.o ABSOLUTE
    _printf_wc                               0x00000000   Number         0  stubs.o ABSOLUTE
    _printf_wctomb                           0x00000000   Number         0  stubs.o ABSOLUTE
    _printf_widthprec                        0x00000000   Number         0  stubs.o ABSOLUTE
    _printf_x                                0x00000000   Number         0  stubs.o ABSOLUTE
    __cpp_initialize__aeabi_                  - Undefined Weak Reference
    __cxa_finalize                            - Undefined Weak Reference
    __decompress                              - Undefined Weak Reference
    _clock_init                               - Undefined Weak Reference
    _microlib_exit                            - Undefined Weak Reference
    __main                                   0x000000c1   Thumb Code     0  entry.o(.ARM.Collect$$$$00000000)
    _main_stk                                0x000000c1   Thumb Code     0  entry2.o(.ARM.Collect$$$$00000001)
    _main_scatterload                        0x000000c5   Thumb Code     0  entry5.o(.ARM.Collect$$$$00000004)
    __main_after_scatterload                 0x000000c9   Thumb Code     0  entry5.o(.ARM.Collect$$$$00000004)
    _main_clock                              0x000000c9   Thumb Code     0  entry7b.o(.ARM.Collect$$$$00000008)
    _main_cpp_init                           0x000000c9   Thumb Code     0  entry8b.o(.ARM.Collect$$$$0000000A)
    _main_init                               0x000000c9   Thumb Code     0  entry9a.o(.ARM.Collect$$$$0000000B)
    __rt_final_cpp                           0x000000d1   Thumb Code     0  entry10a.o(.ARM.Collect$$$$0000000D)
    __rt_final_exit                          0x000000d1   Thumb Code     0  entry11a.o(.ARM.Collect$$$$0000000F)
    vPortSVCHandler                          0x000000d5   Thumb Code    28  port.o(.emb_text)
    vPortStartFirstTask                      0x000000f5   Thumb Code    12  port.o(.emb_text)
    xPortPendSVHandler                       0x00000105   Thumb Code    56  port.o(.emb_text)
    vPortSetInterruptMask                    0x00000141   Thumb Code    14  port.o(.emb_text)
    vPortClearInterruptMask                  0x0000014f   Thumb Code    14  port.o(.emb_text)
    pxPortInitialiseStack                    0x0000015d   Thumb Code    26  port.o(.text)
    xPortStartScheduler                      0x00000187   Thumb Code    42  port.o(.text)
    vPortEndScheduler                        0x000001b1   Thumb Code     2  port.o(.text)
    vPortYieldFromISR                        0x000001b3   Thumb Code    12  port.o(.text)
    vPortEnterCritical                       0x000001bf   Thumb Code    18  port.o(.text)
    vPortExitCritical                        0x000001d1   Thumb Code    24  port.o(.text)
    xPortSysTickHandler                      0x000001e9   Thumb Code    28  port.o(.text)
    vListInitialise                          0x0000020d   Thumb Code    26  list.o(.text)
    vListInitialiseItem                      0x00000227   Thumb Code     6  list.o(.text)
    vListInsertEnd                           0x0000022d   Thumb Code    28  list.o(.text)
    vListInsert                              0x00000249   Thumb Code    52  list.o(.text)
    vListRemove                              0x0000027d   Thumb Code    36  list.o(.text)
    xTaskGenericCreate                       0x0000035f   Thumb Code   240  tasks.o(.text)
    vTaskSwitchContext                       0x0000044f   Thumb Code    92  tasks.o(.text)
    vTaskSuspend                             0x000004ab   Thumb Code    96  tasks.o(.text)
    xTaskIsTaskSuspended                     0x0000050b   Thumb Code    60  tasks.o(.text)
    vTaskResume                              0x00000547   Thumb Code    92  tasks.o(.text)
    xTaskResumeFromISR                       0x000005a3   Thumb Code   100  tasks.o(.text)
    vTaskStartScheduler                      0x00000611   Thumb Code    52  tasks.o(.text)
    vTaskEndScheduler                        0x00000645   Thumb Code    18  tasks.o(.text)
    vTaskSuspendAll                          0x00000657   Thumb Code    12  tasks.o(.text)
    vTaskIncrementTick                       0x00000663   Thumb Code   242  tasks.o(.text)
    xTaskResumeAll                           0x00000755   Thumb Code   186  tasks.o(.text)
    xTaskGetTickCount                        0x0000080f   Thumb Code    18  tasks.o(.text)
    xTaskGetTickCountFromISR                 0x00000821   Thumb Code     6  tasks.o(.text)
    uxTaskGetNumberOfTasks                   0x00000827   Thumb Code     6  tasks.o(.text)
    vTaskPlaceOnEventList                    0x0000082d   Thumb Code    98  tasks.o(.text)
    xTaskRemoveFromEventList                 0x0000088f   Thumb Code   106  tasks.o(.text)
    vTaskSetTimeOutState                     0x000008f9   Thumb Code    14  tasks.o(.text)
    xTaskCheckForTimeOut                     0x00000907   Thumb Code    92  tasks.o(.text)
    vTaskMissedYield                         0x00000963   Thumb Code     8  tasks.o(.text)
    pvPortMalloc                             0x000009a1   Thumb Code    78  heap_1.o(.text)
    vPortFree                                0x000009ef   Thumb Code     2  heap_1.o(.text)
    vPortInitialiseBlocks                    0x000009f1   Thumb Code     8  heap_1.o(.text)
    xPortGetFreeHeapSize                     0x000009f9   Thumb Code    10  heap_1.o(.text)
    sortAndPrioritize                        0x00000a35   Thumb Code   102  main.o(.text)
    computeUtilization                       0x00000a9b   Thumb Code   112  main.o(.text)
    printTasks                               0x00000b0b   Thumb Code    64  main.o(.text)
    admitTask                                0x00000b4b   Thumb Code    36  main.o(.text)
    main                                     0x00000b6f   Thumb Code   188  main.o(.text)
    vPrintString                             0x00000cb9   Thumb Code    20  basic_io.o(.text)
    vPrintStringAndNumber                    0x00000ccd   Thumb Code    26  basic_io.o(.text)
    fputc                                    0x00000ce7   Thumb Code    30  basic_io.o(.text)
    Reset_Handler                            0x00000d11   Thumb Code     4  startup_mps_cm3.o(.text)
    NMI_Handler                              0x00000d15   Thumb Code     2  startup_mps_cm3.o(.text)
    HardFault_Handler                        0x00000d17   Thumb Code     2  startup_mps_cm3.o(.text)
    MemManage_Handler                        0x00000d19   Thumb Code     2  startup_mps_cm3.o(.text)
    BusFault_Handler                         0x00000d1b   Thumb Code     2  startup_mps_cm3.o(.text)
    UsageFault_Handler                       0x00000d1d   Thumb Code     2  startup_mps_cm3.o(.text)
    SVC_Handler                              0x00000d1f   Thumb Code     2  startup_mps_cm3.o(.text)
    DebugMon_Handler                         0x00000d21   Thumb Code     2  startup_mps_cm3.o(.text)
    PendSV_Handler                           0x00000d23   Thumb Code     2  startup_mps_cm3.o(.text)
    SysTick_Handler                          0x00000d25   Thumb Code     2  startup_mps_cm3.o(.text)
    AACI_IRQHandler                          0x00000d27   Thumb Code     0  startup_mps_cm3.o(.text)
    CAN_IRQHandler                           0x00000d27   Thumb Code     0  startup_mps_cm3.o(.text)
    CHLCD_IRQHandler                         0x00000d27   Thumb Code     0  startup_mps_cm3.o(.text)
    CLCD_IRQHandler                          0x00000d27   Thumb Code     0  startup_mps_cm3.o(.text)
    CPU_CLCD_IRQHandler                      0x00000d27   Thumb Code     0  startup_mps_cm3.o(.text)
    ENET_IRQHandler                          0x00000d27   Thumb Code     0  startup_mps_cm3.o(.text)
    FLEXRAY_IRQHandler                       0x00000d27   Thumb Code     0  startup_mps_cm3.o(.text)
    I2C_IRQHandler                           0x00000d27   Thumb Code     0  startup_mps_cm3.o(.text)
    LIN_IRQHandler                           0x00000d27   Thumb Code     0  startup_mps_cm3.o(.text)
    MCIA_IRQHandler                          0x00000d27   Thumb Code     0  startup_mps_cm3.o(.text)
    MCIB_IRQHandler                          0x00000d27   Thumb Code     0  startup_mps_cm3.o(.text)
    RTC_IRQHandler                           0x00000d27   Thumb Code     0  startup_mps_cm3.o(.text)
    SPI_IRQHandler                           0x00000d27   Thumb Code     0  startup_mps_cm3.o(.text)
    TIM0_IRQHandler                          0x00000d27   Thumb Code     0  startup_mps_cm3.o(.text)
    TIM2_IRQHandler                          0x00000d27   Thumb Code     0  startup_mps_cm3.o(.text)
    UART0_IRQHandler                         0x00000d27   Thumb Code     0  startup_mps_cm3.o(.text)
    UART1_IRQHandler                         0x00000d27   Thumb Code     0  startup_mps_cm3.o(.text)
    UART2_IRQHandler                         0x00000d27   Thumb Code     0  startup_mps_cm3.o(.text)
    UART3_IRQHandler                         0x00000d27   Thumb Code     0  startup_mps_cm3.o(.text)
    UART4_IRQHandler                         0x00000d27   Thumb Code     0  startup_mps_cm3.o(.text)
    USBDC_IRQHandler                         0x00000d27   Thumb Code     0  startup_mps_cm3.o(.text)
    USBHC_IRQHandler                         0x00000d27   Thumb Code     0  startup_mps_cm3.o(.text)
    WDT_IRQHandler                           0x00000d27   Thumb Code     0  startup_mps_cm3.o(.text)
    qsort                                    0x00000d2d   Thumb Code   156  qsort.o(.text)
    __aeabi_memcpy                           0x00000dc9   Thumb Code    36  memcpya.o(.text)
    __aeabi_memcpy4                          0x00000dc9   Thumb Code     0  memcpya.o(.text)
    __aeabi_memcpy8                          0x00000dc9   Thumb Code     0  memcpya.o(.text)
    __aeabi_memset                           0x00000ded   Thumb Code    14  memseta.o(.text)
    __aeabi_memset4                          0x00000ded   Thumb Code     0  memseta.o(.text)
    __aeabi_memset8                          0x00000ded   Thumb Code     0  memseta.o(.text)
    __aeabi_memclr                           0x00000dfb   Thumb Code     4  memseta.o(.text)
    __aeabi_memclr4                          0x00000dfb   Thumb Code     0  memseta.o(.text)
    __aeabi_memclr8                          0x00000dfb   Thumb Code     0  memseta.o(.text)
    _memset$wrapper                          0x00000dff   Thumb Code    18  memseta.o(.text)
    strncpy                                  0x00000e11   Thumb Code    24  strncpy.o(.text)
    __aeabi_dadd                             0x00000e29   Thumb Code   322  dadd.o(.text)
    __aeabi_dsub                             0x00000f6b   Thumb Code     6  dadd.o(.text)
    __aeabi_drsub                            0x00000f71   Thumb Code     6  dadd.o(.text)
    __aeabi_ddiv                             0x00000f77   Thumb Code   222  ddiv.o(.text)
    __aeabi_cdcmpeq                          0x00001055   Thumb Code     0  cdcmple.o(.text)
    __aeabi_cdcmple                          0x00001055   Thumb Code    38  cdcmple.o(.text)
    __aeabi_uidiv                            0x0000107d   Thumb Code     0  uidiv.o(.text)
    __aeabi_uidivmod                         0x0000107d   Thumb Code    44  uidiv.o(.text)
    __aeabi_uldivmod                         0x000010a9   Thumb Code    98  uldiv.o(.text)
    __aeabi_llsl                             0x0000110b   Thumb Code    30  llshl.o(.text)
    _ll_shift_l                              0x0000110b   Thumb Code     0  llshl.o(.text)
    __aeabi_lasr                             0x00001129   Thumb Code    36  llsshr.o(.text)
    _ll_sshift_r                             0x00001129   Thumb Code     0  llsshr.o(.text)
    __I$use$fp                               0x0000114d   Thumb Code     0  iusefp.o(.text)
    _double_round                            0x0000114d   Thumb Code    26  depilogue.o(.text)
    _double_epilogue                         0x00001167   Thumb Code   164  depilogue.o(.text)
    __aeabi_dmul                             0x0000120b   Thumb Code   228  dmul.o(.text)
    __aeabi_d2ulz                            0x000012ef   Thumb Code    48  dfixul.o(.text)
    __aeabi_cdrcmple                         0x00001321   Thumb Code    38  cdrcmple.o(.text)
    __scatterload                            0x00001349   Thumb Code    28  init.o(.text)
    __scatterload_rt2                        0x00001349   Thumb Code     0  init.o(.text)
    __aeabi_llsr                             0x0000136d   Thumb Code    32  llushr.o(.text)
    _ll_ushift_r                             0x0000136d   Thumb Code     0  llushr.o(.text)
    __0printf                                0x0000138d   Thumb Code    22  printfa.o(i.__0printf)
    __1printf                                0x0000138d   Thumb Code     0  printfa.o(i.__0printf)
    __2printf                                0x0000138d   Thumb Code     0  printfa.o(i.__0printf)
    __c89printf                              0x0000138d   Thumb Code     0  printfa.o(i.__0printf)
    printf                                   0x0000138d   Thumb Code     0  printfa.o(i.__0printf)
    __scatterload_copy                       0x000013ad   Thumb Code    14  handlers.o(i.__scatterload_copy)
    __scatterload_null                       0x000013bb   Thumb Code     2  handlers.o(i.__scatterload_null)
    __scatterload_zeroinit                   0x000013bd   Thumb Code    14  handlers.o(i.__scatterload_zeroinit)
    Region$$Table$$Base                      0x00001cb8   Number         0  anon$$obj.o(Region$$Table)
    Region$$Table$$Limit                     0x00001cd8   Number         0  anon$$obj.o(Region$$Table)
    pxCurrentTCB                             0x20000004   Data           4  tasks.o(.data)
    pcTextForTask1                           0x2000003c   Data           4  main.o(.data)
    pcTextForTask2                           0x20000040   Data           4  main.o(.data)
    n                                        0x20000044   Data           4  main.o(.data)
    currTasks                                0x20000048   Data           4  main.o(.data)
    __stdout                                 0x2000004c   Data           4  stdout.o(.data)
    arrayOfTasks                             0x20001108   Data       32000  main.o(.bss)
    __initial_sp                             0x20009008   Data           0  startup_mps_cm3.o(STACK)



==============================================================================

Memory Map of the image

  Image Entry point : 0x000000c1

  Load Region LR_IROM1 (Base: 0x00000000, Size: 0x00001d28, Max: 0x00040000, ABSOLUTE)

    Execution Region ER_IROM1 (Base: 0x00000000, Size: 0x00001cd8, Max: 0x00040000, ABSOLUTE)

    Base Addr    Size         Type   Attr      Idx    E Section Name        Object

    0x00000000   0x000000c0   Data   RO          177    RESET               startup_mps_cm3.o
    0x000000c0   0x00000000   Code   RO          182  * .ARM.Collect$$$$00000000  mc_w.l(entry.o)
    0x000000c0   0x00000004   Code   RO          462    .ARM.Collect$$$$00000001  mc_w.l(entry2.o)
    0x000000c4   0x00000004   Code   RO          465    .ARM.Collect$$$$00000004  mc_w.l(entry5.o)
    0x000000c8   0x00000000   Code   RO          467    .ARM.Collect$$$$00000008  mc_w.l(entry7b.o)
    0x000000c8   0x00000000   Code   RO          469    .ARM.Collect$$$$0000000A  mc_w.l(entry8b.o)
    0x000000c8   0x00000008   Code   RO          470    .ARM.Collect$$$$0000000B  mc_w.l(entry9a.o)
    0x000000d0   0x00000000   Code   RO          472    .ARM.Collect$$$$0000000D  mc_w.l(entry10a.o)
    0x000000d0   0x00000000   Code   RO          474    .ARM.Collect$$$$0000000F  mc_w.l(entry11a.o)
    0x000000d0   0x00000004   Code   RO          463    .ARM.Collect$$$$00002712  mc_w.l(entry2.o)
    0x000000d4   0x00000088   Code   RO            1    .emb_text           port.o
    0x0000015c   0x000000b0   Code   RO            2    .text               port.o
    0x0000020c   0x00000094   Code   RO           49    .text               list.o
    0x000002a0   0x00000700   Code   RO           85    .text               tasks.o
    0x000009a0   0x0000006c   Code   RO          117    .text               heap_1.o
    0x00000a0c   0x000002ac   Code   RO          132    .text               main.o
    0x00000cb8   0x00000058   Code   RO          160    .text               basic_io.o
    0x00000d10   0x0000001c   Code   RO          178    .text               startup_mps_cm3.o
    0x00000d2c   0x0000009c   Code   RO          185    .text               mc_w.l(qsort.o)
    0x00000dc8   0x00000024   Code   RO          187    .text               mc_w.l(memcpya.o)
    0x00000dec   0x00000024   Code   RO          189    .text               mc_w.l(memseta.o)
    0x00000e10   0x00000018   Code   RO          191    .text               mc_w.l(strncpy.o)
    0x00000e28   0x0000014e   Code   RO          456    .text               mf_w.l(dadd.o)
    0x00000f76   0x000000de   Code   RO          458    .text               mf_w.l(ddiv.o)
    0x00001054   0x00000028   Code   RO          460    .text               mf_w.l(cdcmple.o)
    0x0000107c   0x0000002c   Code   RO          477    .text               mc_w.l(uidiv.o)
    0x000010a8   0x00000062   Code   RO          479    .text               mc_w.l(uldiv.o)
    0x0000110a   0x0000001e   Code   RO          481    .text               mc_w.l(llshl.o)
    0x00001128   0x00000024   Code   RO          483    .text               mc_w.l(llsshr.o)
    0x0000114c   0x00000000   Code   RO          485    .text               mc_w.l(iusefp.o)
    0x0000114c   0x000000be   Code   RO          486    .text               mf_w.l(depilogue.o)
    0x0000120a   0x000000e4   Code   RO          488    .text               mf_w.l(dmul.o)
    0x000012ee   0x00000030   Code   RO          490    .text               mf_w.l(dfixul.o)
    0x0000131e   0x00000002   PAD
    0x00001320   0x00000028   Code   RO          492    .text               mf_w.l(cdrcmple.o)
    0x00001348   0x00000024   Code   RO          494    .text               mc_w.l(init.o)
    0x0000136c   0x00000020   Code   RO          496    .text               mc_w.l(llushr.o)
    0x0000138c   0x00000020   Code   RO          428    i.__0printf         mc_w.l(printfa.o)
    0x000013ac   0x0000000e   Code   RO          500    i.__scatterload_copy  mc_w.l(handlers.o)
    0x000013ba   0x00000002   Code   RO          501    i.__scatterload_null  mc_w.l(handlers.o)
    0x000013bc   0x0000000e   Code   RO          502    i.__scatterload_zeroinit  mc_w.l(handlers.o)
    0x000013ca   0x00000002   PAD
    0x000013cc   0x0000015c   Code   RO          435    i._fp_digits        mc_w.l(printfa.o)
    0x00001528   0x000006f0   Code   RO          436    i._printf_core      mc_w.l(printfa.o)
    0x00001c18   0x00000026   Code   RO          437    i._printf_post_padding  mc_w.l(printfa.o)
    0x00001c3e   0x00000030   Code   RO          438    i._printf_pre_padding  mc_w.l(printfa.o)
    0x00001c6e   0x00000002   PAD
    0x00001c70   0x00000020   Data   RO          134    .constdata          main.o
    0x00001c90   0x00000026   Data   RO          135    .conststring        main.o
    0x00001cb6   0x00000002   PAD
    0x00001cb8   0x00000020   Data   RO          498    Region$$Table       anon$$obj.o


    Execution Region RW_IRAM1 (Base: 0x20000000, Size: 0x00009008, Max: 0x00010000, ABSOLUTE)

    Base Addr    Size         Type   Attr      Idx    E Section Name        Object

    0x20000000   0x00000004   Data   RW            3    .data               port.o
    0x20000004   0x00000034   Data   RW           87    .data               tasks.o
    0x20000038   0x00000004   Data   RW          119    .data               heap_1.o
    0x2000003c   0x00000010   Data   RW          136    .data               main.o
    0x2000004c   0x00000004   Data   RW          476    .data               mc_w.l(stdout.o)
    0x20000050   0x000000b4   Zero   RW           86    .bss                tasks.o
    0x20000104   0x00000004   PAD
    0x20000108   0x00001000   Zero   RW          118    .bss                heap_1.o
    0x20001108   0x00007d00   Zero   RW          133    .bss                main.o
    0x20008e08   0x00000200   Zero   RW          175    STACK               startup_mps_cm3.o


==============================================================================

Image component sizes


      Code (inc. data)   RO Data    RW Data    ZI Data      Debug   Object Name

        88         12          0          0          0        887   basic_io.o
       108         10          0          4       4096       1616   heap_1.o
       148          0          0          0          0       2897   list.o
       684        142         70         16      32000       2590   main.o
       312         20          0          4          0       8497   port.o
        28          4        192          0        512        700   startup_mps_cm3.o
      1792        136          0         52        180      10000   tasks.o

    ----------------------------------------------------------------------
      3160        324        296         76      36792      27187   Object Totals
         0          0         32          0          0          0   (incl. Generated)
         0          0          2          0          4          0   (incl. Padding)

    ----------------------------------------------------------------------

      Code (inc. data)   RO Data    RW Data    ZI Data      Debug   Library Member Name

         0          0          0          0          0          0   entry.o
         0          0          0          0          0          0   entry10a.o
         0          0          0          0          0          0   entry11a.o
         8          4          0          0          0          0   entry2.o
         4          0          0          0          0          0   entry5.o
         0          0          0          0          0          0   entry7b.o
         0          0          0          0          0          0   entry8b.o
         8          4          0          0          0          0   entry9a.o
        30          0          0          0          0          0   handlers.o
        36          8          0          0          0         68   init.o
         0          0          0          0          0          0   iusefp.o
        30          0          0          0          0         68   llshl.o
        36          0          0          0          0         68   llsshr.o
        32          0          0          0          0         68   llushr.o
        36          0          0          0          0         68   memcpya.o
        36          0          0          0          0        108   memseta.o
      2242         90          0          0          0        444   printfa.o
       156          0          0          0          0         88   qsort.o
         0          0          0          4          0          0   stdout.o
        24          0          0          0          0         76   strncpy.o
        44          0          0          0          0         80   uidiv.o
        98          0          0          0          0         92   uldiv.o
        40          2          0          0          0         68   cdcmple.o
        40          2          0          0          0         68   cdrcmple.o
       334          0          0          0          0        148   dadd.o
       222          0          0          0          0        100   ddiv.o
       190          0          0          0          0        176   depilogue.o
        48          0          0          0          0         68   dfixul.o
       228          0          0          0          0         96   dmul.o

    ----------------------------------------------------------------------
      3928        110          0          4          0       1952   Library Totals
         6          0          0          0          0          0   (incl. Padding)

    ----------------------------------------------------------------------

      Code (inc. data)   RO Data    RW Data    ZI Data      Debug   Library Name

      2820        106          0          4          0       1228   mc_w.l
      1102          4          0          0          0        724   mf_w.l

    ----------------------------------------------------------------------
      3928        110          0          4          0       1952   Library Totals

    ----------------------------------------------------------------------

==============================================================================


      Code (inc. data)   RO Data    RW Data    ZI Data      Debug   

      7088        434        296         80      36792      27423   Grand Totals
      7088        434        296         80      36792      27423   ELF Image Totals
      7088        434        296         80          0          0   ROM Totals

==============================================================================

    Total RO  Size (Code + RO Data)                 7384 (   7.21kB)
    Total RW  Size (RW Data + ZI Data)             36872 (  36.01kB)
    Total ROM Size (Code + RO Data + RW Data)       7464 (   7.29kB)

==============================================================================

