<html>
<body>
<pre>
<h1>µVision Build Log</h1>
<h2>Project:</h2>
D:\learning\rtos\RTOS-Task-Admittance\Proj2.uvproj
Project File Date:  05/12/2020

<h2>Output:</h2>
Rebuild target 'Source'
compiling port.c...
compiling list.c...
compiling queue.c...
compiling tasks.c...
compiling heap_1.c...
compiling main.c...
compiling basic_io.c...
assembling startup_MPS_CM3.s...
linking...
Program Size: Code=7088 RO-data=296 RW-data=80 ZI-data=36792  
".\Output\Proj2.axf" - 0 Error(s), 0 Warning(s).
</pre>
</body>
</html>
